counter obsahuje 



counter obsahuje 
a


counter obsahuje 
aa


