counter_obsahuje
a
counter_obsahuje
aa
counter_obsahuje
aaa
