5
0
-1
5
-2
test
5.6@
__a
string@
**test**
Písanie
αβΓ
true
false
